<html>
<body>
<pre>
<h1>µVision Build Log</h1>
<h2>Tool Versions:</h2>
IDE-Version: ¦ÌVision V5.24.2.0
Copyright (C) 2017 ARM Ltd and ARM Germany GmbH. All rights reserved.
License Information: fan 1456925916@qq.com, null, LIC=TIVNB-20098-QD5KD-85BEU-9UMXU-9644Y
 
Tool Versions:
Toolchain:       MDK-ARM Plus  Version: 5.24.1
Toolchain Path:  D:\Keil_v5\ARM\ARMCC\Bin
C Compiler:      Armcc.exe V5.06 update 5 (build 528)
Assembler:       Armasm.exe V5.06 update 5 (build 528)
Linker/Locator:  ArmLink.exe V5.06 update 5 (build 528)
Library Manager: ArmAr.exe V5.06 update 5 (build 528)
Hex Converter:   FromElf.exe V5.06 update 5 (build 528)
CPU DLL:         SARMCM3.DLL V5.24.1
Dialog DLL:      DCM.DLL V1.16.0.0
Target DLL:      Segger\JL2CM3.dll V2.99.26.0
Dialog DLL:      TCM.DLL V1.32.0.0
 
<h2>Project:</h2>
c:\Users\14569\Desktop\ÎåÑò±¾Ìï\software\FR801xH-SDK\FR801xH-SDK\examples\none_evm\ble_simple_peripheral\keil\ble_simple_peripheral.uvprojx
Project File Date:  01/07/2026

<h2>Output:</h2>
*** Using Compiler 'V5.06 update 5 (build 528)', folder: 'D:\Keil_v5\ARM\ARMCC\Bin'
Build target 'ble_simple_peripheral'
compiling scanner.c...
code\scanner.c(127): warning:  #177-D: variable "mac"  was declared but never referenced
      uint8_t* mac = g_scanner_instance->scan_mac;
code\scanner.c: 1 warning, 0 errors
compiling TPMS.c...
code\TPMS.c(810): warning:  #111-D: statement is unreachable
  	*out_frame = s->frame;
code\TPMS.c(274): warning:  #177-D: function "tpms_learn_find_or_alloc"  was declared but never referenced
  static tpms_learn_cand_t *tpms_learn_find_or_alloc(uint32_t sensor_id, const uint8_t mac_le[6])
code\TPMS.c(356): warning:  #177-D: function "pick_slot_by_frame"  was declared but never referenced
  static int pick_slot_by_frame(const TPMS_Frame *f, const uint8_t mac_le[6])
code\TPMS.c: 3 warnings, 0 errors
linking...
Program Size: Code=130196 RO-data=6772 RW-data=984 ZI-data=6540  
After Build - User command #1: D:\Keil_v5\ARM\ARMCC\Bin\fromelf.exe  --text  -c -o Output/ble_simple_peripheral.txt  Objects/ble_simple_peripheral.axf
After Build - User command #2: D:\Keil_v5\ARM\ARMCC\Bin\fromelf.exe  --bin -o Output/ble_simple_peripheral.bin  Objects/ble_simple_peripheral.axf
".\Objects\ble_simple_peripheral.axf" - 0 Error(s), 4 Warning(s).

<h2>Software Packages used:</h2>

Package Vendor: ARM
                http://www.keil.com/pack/ARM.CMSIS.5.0.1.pack
                ARM.CMSIS.5.0.1
                CMSIS (Cortex Microcontroller Software Interface Standard)

<h2>Collection of Component include folders:</h2>
  .\RTE\_ble_simple_peripheral
  D:\Keil_v5\ARM\PACK\ARM\CMSIS\5.0.1\Device\ARM\ARMCM3\Include

<h2>Collection of Component Files used:</h2>
Build Time Elapsed:  00:00:03
</pre>
</body>
</html>
