<html>
<body>
<pre>
<h1>µVision Build Log</h1>
<h2>Tool Versions:</h2>
IDE-Version: ¦ÌVision V5.24.2.0
Copyright (C) 2017 ARM Ltd and ARM Germany GmbH. All rights reserved.
License Information: fan 1456925916@qq.com, null, LIC=TIVNB-20098-QD5KD-85BEU-9UMXU-9644Y
 
Tool Versions:
Toolchain:       MDK-ARM Plus  Version: 5.24.1
Toolchain Path:  D:\Keil_v5\ARM\ARMCC\Bin
C Compiler:      Armcc.exe V5.06 update 5 (build 528)
Assembler:       Armasm.exe V5.06 update 5 (build 528)
Linker/Locator:  ArmLink.exe V5.06 update 5 (build 528)
Library Manager: ArmAr.exe V5.06 update 5 (build 528)
Hex Converter:   FromElf.exe V5.06 update 5 (build 528)
CPU DLL:         SARMCM3.DLL V5.24.1
Dialog DLL:      DCM.DLL V1.16.0.0
Target DLL:      Segger\JL2CM3.dll V2.99.26.0
Dialog DLL:      TCM.DLL V1.32.0.0
 
<h2>Project:</h2>
C:\Users\14569\Desktop\ÎåÑò±¾Ìï\FR801xH-SDK\FR801xH-SDK\examples\none_evm\ble_simple_muti_salve\keil\ble_simple_central.uvproj
Project File Date:  12/30/2025

<h2>Output:</h2>
*** Using Compiler 'V5.06 update 5 (build 528)', folder: 'D:\Keil_v5\ARM\ARMCC\Bin'
Rebuild target 'ble_simple_central'
compiling driver_keyscan.c...
compiling user_task.c...
compiling button.c...
compiling driver_timer.c...
compiling driver_wdt.c...
compiling base_BLE.c...
compiling driver_pmu_qdec.c...
compiling ble_simple_central.c...
compiling driver_exti.c...
assembling app_boot_vectors.s...
compiling driver_rtc.c...
compiling driver_uart.c...
compiling driver_i2s.c...
compiling proj_main.c...
compiling driver_pmu.c...
compiling driver_iic.c...
compiling driver_efuse.c...
compiling core_cm3_isr.c...
compiling patch.c...
linking...
Program Size: Code=95160 RO-data=3352 RW-data=888 ZI-data=3256  
After Build - User command #1: fromelf.exe  --text  -c -o Output/ble_simple_central.txt  Objects/ble_simple_central.axf
After Build - User command #2: fromelf.exe  --bin -o Output/ble_simple_central.bin  Objects/ble_simple_central.axf
".\Objects\ble_simple_central.axf" - 0 Error(s), 0 Warning(s).
Build Time Elapsed:  00:00:05
</pre>
</body>
</html>
